Archive member included because of file (symbol)

c:/program files (x86)/atmel/atmel toolchain/avr8 gcc/native/3.4.1061/avr8-gnu-toolchain/bin/../lib/gcc/avr/4.8.1/avr5\libgcc.a(_exit.o)
                              c:/program files (x86)/atmel/atmel toolchain/avr8 gcc/native/3.4.1061/avr8-gnu-toolchain/bin/../lib/gcc/avr/4.8.1/../../../../avr/lib/avr5/crtm16.o (exit)
c:/program files (x86)/atmel/atmel toolchain/avr8 gcc/native/3.4.1061/avr8-gnu-toolchain/bin/../lib/gcc/avr/4.8.1/avr5\libgcc.a(_tablejump.o)
                              Data_Latch_V2.1.o (__tablejump2__)
c:/program files (x86)/atmel/atmel toolchain/avr8 gcc/native/3.4.1061/avr8-gnu-toolchain/bin/../lib/gcc/avr/4.8.1/avr5\libgcc.a(_copy_data.o)
                              Data_Latch_V2.1.o (__do_copy_data)
c:/program files (x86)/atmel/atmel toolchain/avr8 gcc/native/3.4.1061/avr8-gnu-toolchain/bin/../lib/gcc/avr/4.8.1/avr5\libgcc.a(_clear_bss.o)
                              Data_Latch_V2.1.o (__do_clear_bss)
c:/program files (x86)/atmel/atmel toolchain/avr8 gcc/native/3.4.1061/avr8-gnu-toolchain/bin/../lib/gcc/avr/4.8.1/../../../../avr/lib/avr5\libc.a(itoa_ncheck.o)
                              RS232.o (__itoa_ncheck)
c:/program files (x86)/atmel/atmel toolchain/avr8 gcc/native/3.4.1061/avr8-gnu-toolchain/bin/../lib/gcc/avr/4.8.1/../../../../avr/lib/avr5\libc.a(utoa_ncheck.o)
                              c:/program files (x86)/atmel/atmel toolchain/avr8 gcc/native/3.4.1061/avr8-gnu-toolchain/bin/../lib/gcc/avr/4.8.1/../../../../avr/lib/avr5\libc.a(itoa_ncheck.o) (__utoa_common)
c:/program files (x86)/atmel/atmel toolchain/avr8 gcc/native/3.4.1061/avr8-gnu-toolchain/bin/../lib/gcc/avr/4.8.1/../../../../avr/lib/avr5\libc.a(strrev.o)
                              c:/program files (x86)/atmel/atmel toolchain/avr8 gcc/native/3.4.1061/avr8-gnu-toolchain/bin/../lib/gcc/avr/4.8.1/../../../../avr/lib/avr5\libc.a(utoa_ncheck.o) (strrev)

Allocating common symbols
Common symbol       size              file

encodersig          0x1               Data_Latch_V2.1.o
temp_counter        0x1               Data_Latch_V2.1.o
resolution          0x1               Data_Latch_V2.1.o
bytecount           0x2               Data_Latch_V2.1.o
counter             0x2               Data_Latch_V2.1.o
speicher            0x2               Data_Latch_V2.1.o
status              0x1               Data_Latch_V2.1.o
counteralt          0x2               Data_Latch_V2.1.o

Discarded input sections

 .data          0x00000000        0x0 c:/program files (x86)/atmel/atmel toolchain/avr8 gcc/native/3.4.1061/avr8-gnu-toolchain/bin/../lib/gcc/avr/4.8.1/../../../../avr/lib/avr5/crtm16.o
 .bss           0x00000000        0x0 c:/program files (x86)/atmel/atmel toolchain/avr8 gcc/native/3.4.1061/avr8-gnu-toolchain/bin/../lib/gcc/avr/4.8.1/../../../../avr/lib/avr5/crtm16.o
 .text          0x00000000        0x0 Data_Latch_V2.1.o
 .data          0x00000000        0x0 Data_Latch_V2.1.o
 .bss           0x00000000        0x0 Data_Latch_V2.1.o
 .text.check_button
                0x00000000       0x3e Data_Latch_V2.1.o
 .text          0x00000000        0x0 Encoder.o
 .data          0x00000000        0x0 Encoder.o
 .bss           0x00000000        0x0 Encoder.o
 .text          0x00000000        0x0 FH5401C.o
 .data          0x00000000        0x0 FH5401C.o
 .bss           0x00000000        0x0 FH5401C.o
 .text          0x00000000        0x0 init.o
 .data          0x00000000        0x0 init.o
 .bss           0x00000000        0x0 init.o
 .text.init_165D
                0x00000000        0x6 init.o
 .text.init_595D
                0x00000000        0x6 init.o
 .text          0x00000000        0x0 Modus.o
 .data          0x00000000        0x0 Modus.o
 .bss           0x00000000        0x0 Modus.o
 .text          0x00000000        0x0 RS232.o
 .data          0x00000000        0x0 RS232.o
 .bss           0x00000000        0x0 RS232.o
 .text          0x00000000        0x0 shiftregister.o
 .data          0x00000000        0x0 shiftregister.o
 .bss           0x00000000        0x0 shiftregister.o
 .text.read_resolver
                0x00000000       0x28 shiftregister.o
 .text          0x00000000        0x0 SPI.o
 .data          0x00000000        0x0 SPI.o
 .bss           0x00000000        0x0 SPI.o
 .text.read_spi
                0x00000000        0x8 SPI.o
 .text          0x00000000        0x0 Sram.o
 .data          0x00000000        0x0 Sram.o
 .bss           0x00000000        0x0 Sram.o
 .text.read_mode
                0x00000000       0x1a Sram.o
 .text          0x00000000        0x0 c:/program files (x86)/atmel/atmel toolchain/avr8 gcc/native/3.4.1061/avr8-gnu-toolchain/bin/../lib/gcc/avr/4.8.1/avr5\libgcc.a(_exit.o)
 .data          0x00000000        0x0 c:/program files (x86)/atmel/atmel toolchain/avr8 gcc/native/3.4.1061/avr8-gnu-toolchain/bin/../lib/gcc/avr/4.8.1/avr5\libgcc.a(_exit.o)
 .bss           0x00000000        0x0 c:/program files (x86)/atmel/atmel toolchain/avr8 gcc/native/3.4.1061/avr8-gnu-toolchain/bin/../lib/gcc/avr/4.8.1/avr5\libgcc.a(_exit.o)
 .text.libgcc.mul
                0x00000000        0x0 c:/program files (x86)/atmel/atmel toolchain/avr8 gcc/native/3.4.1061/avr8-gnu-toolchain/bin/../lib/gcc/avr/4.8.1/avr5\libgcc.a(_exit.o)
 .text.libgcc.div
                0x00000000        0x0 c:/program files (x86)/atmel/atmel toolchain/avr8 gcc/native/3.4.1061/avr8-gnu-toolchain/bin/../lib/gcc/avr/4.8.1/avr5\libgcc.a(_exit.o)
 .text.libgcc   0x00000000        0x0 c:/program files (x86)/atmel/atmel toolchain/avr8 gcc/native/3.4.1061/avr8-gnu-toolchain/bin/../lib/gcc/avr/4.8.1/avr5\libgcc.a(_exit.o)
 .text.libgcc.prologue
                0x00000000        0x0 c:/program files (x86)/atmel/atmel toolchain/avr8 gcc/native/3.4.1061/avr8-gnu-toolchain/bin/../lib/gcc/avr/4.8.1/avr5\libgcc.a(_exit.o)
 .text.libgcc.builtins
                0x00000000        0x0 c:/program files (x86)/atmel/atmel toolchain/avr8 gcc/native/3.4.1061/avr8-gnu-toolchain/bin/../lib/gcc/avr/4.8.1/avr5\libgcc.a(_exit.o)
 .text.libgcc.fmul
                0x00000000        0x0 c:/program files (x86)/atmel/atmel toolchain/avr8 gcc/native/3.4.1061/avr8-gnu-toolchain/bin/../lib/gcc/avr/4.8.1/avr5\libgcc.a(_exit.o)
 .text.libgcc.fixed
                0x00000000        0x0 c:/program files (x86)/atmel/atmel toolchain/avr8 gcc/native/3.4.1061/avr8-gnu-toolchain/bin/../lib/gcc/avr/4.8.1/avr5\libgcc.a(_exit.o)
 .text          0x00000000        0x0 c:/program files (x86)/atmel/atmel toolchain/avr8 gcc/native/3.4.1061/avr8-gnu-toolchain/bin/../lib/gcc/avr/4.8.1/avr5\libgcc.a(_tablejump.o)
 .data          0x00000000        0x0 c:/program files (x86)/atmel/atmel toolchain/avr8 gcc/native/3.4.1061/avr8-gnu-toolchain/bin/../lib/gcc/avr/4.8.1/avr5\libgcc.a(_tablejump.o)
 .bss           0x00000000        0x0 c:/program files (x86)/atmel/atmel toolchain/avr8 gcc/native/3.4.1061/avr8-gnu-toolchain/bin/../lib/gcc/avr/4.8.1/avr5\libgcc.a(_tablejump.o)
 .text.libgcc.mul
                0x00000000        0x0 c:/program files (x86)/atmel/atmel toolchain/avr8 gcc/native/3.4.1061/avr8-gnu-toolchain/bin/../lib/gcc/avr/4.8.1/avr5\libgcc.a(_tablejump.o)
 .text.libgcc.div
                0x00000000        0x0 c:/program files (x86)/atmel/atmel toolchain/avr8 gcc/native/3.4.1061/avr8-gnu-toolchain/bin/../lib/gcc/avr/4.8.1/avr5\libgcc.a(_tablejump.o)
 .text.libgcc.prologue
                0x00000000        0x0 c:/program files (x86)/atmel/atmel toolchain/avr8 gcc/native/3.4.1061/avr8-gnu-toolchain/bin/../lib/gcc/avr/4.8.1/avr5\libgcc.a(_tablejump.o)
 .text.libgcc.builtins
                0x00000000        0x0 c:/program files (x86)/atmel/atmel toolchain/avr8 gcc/native/3.4.1061/avr8-gnu-toolchain/bin/../lib/gcc/avr/4.8.1/avr5\libgcc.a(_tablejump.o)
 .text.libgcc.fmul
                0x00000000        0x0 c:/program files (x86)/atmel/atmel toolchain/avr8 gcc/native/3.4.1061/avr8-gnu-toolchain/bin/../lib/gcc/avr/4.8.1/avr5\libgcc.a(_tablejump.o)
 .text.libgcc.fixed
                0x00000000        0x0 c:/program files (x86)/atmel/atmel toolchain/avr8 gcc/native/3.4.1061/avr8-gnu-toolchain/bin/../lib/gcc/avr/4.8.1/avr5\libgcc.a(_tablejump.o)
 .text          0x00000000        0x0 c:/program files (x86)/atmel/atmel toolchain/avr8 gcc/native/3.4.1061/avr8-gnu-toolchain/bin/../lib/gcc/avr/4.8.1/avr5\libgcc.a(_copy_data.o)
 .data          0x00000000        0x0 c:/program files (x86)/atmel/atmel toolchain/avr8 gcc/native/3.4.1061/avr8-gnu-toolchain/bin/../lib/gcc/avr/4.8.1/avr5\libgcc.a(_copy_data.o)
 .bss           0x00000000        0x0 c:/program files (x86)/atmel/atmel toolchain/avr8 gcc/native/3.4.1061/avr8-gnu-toolchain/bin/../lib/gcc/avr/4.8.1/avr5\libgcc.a(_copy_data.o)
 .text.libgcc.mul
                0x00000000        0x0 c:/program files (x86)/atmel/atmel toolchain/avr8 gcc/native/3.4.1061/avr8-gnu-toolchain/bin/../lib/gcc/avr/4.8.1/avr5\libgcc.a(_copy_data.o)
 .text.libgcc.div
                0x00000000        0x0 c:/program files (x86)/atmel/atmel toolchain/avr8 gcc/native/3.4.1061/avr8-gnu-toolchain/bin/../lib/gcc/avr/4.8.1/avr5\libgcc.a(_copy_data.o)
 .text.libgcc   0x00000000        0x0 c:/program files (x86)/atmel/atmel toolchain/avr8 gcc/native/3.4.1061/avr8-gnu-toolchain/bin/../lib/gcc/avr/4.8.1/avr5\libgcc.a(_copy_data.o)
 .text.libgcc.prologue
                0x00000000        0x0 c:/program files (x86)/atmel/atmel toolchain/avr8 gcc/native/3.4.1061/avr8-gnu-toolchain/bin/../lib/gcc/avr/4.8.1/avr5\libgcc.a(_copy_data.o)
 .text.libgcc.builtins
                0x00000000        0x0 c:/program files (x86)/atmel/atmel toolchain/avr8 gcc/native/3.4.1061/avr8-gnu-toolchain/bin/../lib/gcc/avr/4.8.1/avr5\libgcc.a(_copy_data.o)
 .text.libgcc.fmul
                0x00000000        0x0 c:/program files (x86)/atmel/atmel toolchain/avr8 gcc/native/3.4.1061/avr8-gnu-toolchain/bin/../lib/gcc/avr/4.8.1/avr5\libgcc.a(_copy_data.o)
 .text.libgcc.fixed
                0x00000000        0x0 c:/program files (x86)/atmel/atmel toolchain/avr8 gcc/native/3.4.1061/avr8-gnu-toolchain/bin/../lib/gcc/avr/4.8.1/avr5\libgcc.a(_copy_data.o)
 .text          0x00000000        0x0 c:/program files (x86)/atmel/atmel toolchain/avr8 gcc/native/3.4.1061/avr8-gnu-toolchain/bin/../lib/gcc/avr/4.8.1/avr5\libgcc.a(_clear_bss.o)
 .data          0x00000000        0x0 c:/program files (x86)/atmel/atmel toolchain/avr8 gcc/native/3.4.1061/avr8-gnu-toolchain/bin/../lib/gcc/avr/4.8.1/avr5\libgcc.a(_clear_bss.o)
 .bss           0x00000000        0x0 c:/program files (x86)/atmel/atmel toolchain/avr8 gcc/native/3.4.1061/avr8-gnu-toolchain/bin/../lib/gcc/avr/4.8.1/avr5\libgcc.a(_clear_bss.o)
 .text.libgcc.mul
                0x00000000        0x0 c:/program files (x86)/atmel/atmel toolchain/avr8 gcc/native/3.4.1061/avr8-gnu-toolchain/bin/../lib/gcc/avr/4.8.1/avr5\libgcc.a(_clear_bss.o)
 .text.libgcc.div
                0x00000000        0x0 c:/program files (x86)/atmel/atmel toolchain/avr8 gcc/native/3.4.1061/avr8-gnu-toolchain/bin/../lib/gcc/avr/4.8.1/avr5\libgcc.a(_clear_bss.o)
 .text.libgcc   0x00000000        0x0 c:/program files (x86)/atmel/atmel toolchain/avr8 gcc/native/3.4.1061/avr8-gnu-toolchain/bin/../lib/gcc/avr/4.8.1/avr5\libgcc.a(_clear_bss.o)
 .text.libgcc.prologue
                0x00000000        0x0 c:/program files (x86)/atmel/atmel toolchain/avr8 gcc/native/3.4.1061/avr8-gnu-toolchain/bin/../lib/gcc/avr/4.8.1/avr5\libgcc.a(_clear_bss.o)
 .text.libgcc.builtins
                0x00000000        0x0 c:/program files (x86)/atmel/atmel toolchain/avr8 gcc/native/3.4.1061/avr8-gnu-toolchain/bin/../lib/gcc/avr/4.8.1/avr5\libgcc.a(_clear_bss.o)
 .text.libgcc.fmul
                0x00000000        0x0 c:/program files (x86)/atmel/atmel toolchain/avr8 gcc/native/3.4.1061/avr8-gnu-toolchain/bin/../lib/gcc/avr/4.8.1/avr5\libgcc.a(_clear_bss.o)
 .text.libgcc.fixed
                0x00000000        0x0 c:/program files (x86)/atmel/atmel toolchain/avr8 gcc/native/3.4.1061/avr8-gnu-toolchain/bin/../lib/gcc/avr/4.8.1/avr5\libgcc.a(_clear_bss.o)
 .text          0x00000000        0x0 c:/program files (x86)/atmel/atmel toolchain/avr8 gcc/native/3.4.1061/avr8-gnu-toolchain/bin/../lib/gcc/avr/4.8.1/../../../../avr/lib/avr5\libc.a(itoa_ncheck.o)
 .data          0x00000000        0x0 c:/program files (x86)/atmel/atmel toolchain/avr8 gcc/native/3.4.1061/avr8-gnu-toolchain/bin/../lib/gcc/avr/4.8.1/../../../../avr/lib/avr5\libc.a(itoa_ncheck.o)
 .bss           0x00000000        0x0 c:/program files (x86)/atmel/atmel toolchain/avr8 gcc/native/3.4.1061/avr8-gnu-toolchain/bin/../lib/gcc/avr/4.8.1/../../../../avr/lib/avr5\libc.a(itoa_ncheck.o)
 .text          0x00000000        0x0 c:/program files (x86)/atmel/atmel toolchain/avr8 gcc/native/3.4.1061/avr8-gnu-toolchain/bin/../lib/gcc/avr/4.8.1/../../../../avr/lib/avr5\libc.a(utoa_ncheck.o)
 .data          0x00000000        0x0 c:/program files (x86)/atmel/atmel toolchain/avr8 gcc/native/3.4.1061/avr8-gnu-toolchain/bin/../lib/gcc/avr/4.8.1/../../../../avr/lib/avr5\libc.a(utoa_ncheck.o)
 .bss           0x00000000        0x0 c:/program files (x86)/atmel/atmel toolchain/avr8 gcc/native/3.4.1061/avr8-gnu-toolchain/bin/../lib/gcc/avr/4.8.1/../../../../avr/lib/avr5\libc.a(utoa_ncheck.o)
 .text          0x00000000        0x0 c:/program files (x86)/atmel/atmel toolchain/avr8 gcc/native/3.4.1061/avr8-gnu-toolchain/bin/../lib/gcc/avr/4.8.1/../../../../avr/lib/avr5\libc.a(strrev.o)
 .data          0x00000000        0x0 c:/program files (x86)/atmel/atmel toolchain/avr8 gcc/native/3.4.1061/avr8-gnu-toolchain/bin/../lib/gcc/avr/4.8.1/../../../../avr/lib/avr5\libc.a(strrev.o)
 .bss           0x00000000        0x0 c:/program files (x86)/atmel/atmel toolchain/avr8 gcc/native/3.4.1061/avr8-gnu-toolchain/bin/../lib/gcc/avr/4.8.1/../../../../avr/lib/avr5\libc.a(strrev.o)

Memory Configuration

Name             Origin             Length             Attributes
text             0x00000000         0x00020000         xr
data             0x00800060         0x0000ffa0         rw !x
eeprom           0x00810000         0x00010000         rw !x
fuse             0x00820000         0x00000400         rw !x
lock             0x00830000         0x00000400         rw !x
signature        0x00840000         0x00000400         rw !x
user_signatures  0x00850000         0x00000400         rw !x
*default*        0x00000000         0xffffffff

Linker script and memory map

LOAD c:/program files (x86)/atmel/atmel toolchain/avr8 gcc/native/3.4.1061/avr8-gnu-toolchain/bin/../lib/gcc/avr/4.8.1/../../../../avr/lib/avr5/crtm16.o
LOAD Data_Latch_V2.1.o
LOAD Encoder.o
LOAD FH5401C.o
LOAD init.o
LOAD Modus.o
LOAD RS232.o
LOAD shiftregister.o
LOAD SPI.o
LOAD Sram.o
START GROUP
LOAD c:/program files (x86)/atmel/atmel toolchain/avr8 gcc/native/3.4.1061/avr8-gnu-toolchain/bin/../lib/gcc/avr/4.8.1/../../../../avr/lib/avr5\libm.a
END GROUP
START GROUP
LOAD c:/program files (x86)/atmel/atmel toolchain/avr8 gcc/native/3.4.1061/avr8-gnu-toolchain/bin/../lib/gcc/avr/4.8.1/avr5\libgcc.a
LOAD c:/program files (x86)/atmel/atmel toolchain/avr8 gcc/native/3.4.1061/avr8-gnu-toolchain/bin/../lib/gcc/avr/4.8.1/../../../../avr/lib/avr5\libm.a
LOAD c:/program files (x86)/atmel/atmel toolchain/avr8 gcc/native/3.4.1061/avr8-gnu-toolchain/bin/../lib/gcc/avr/4.8.1/../../../../avr/lib/avr5\libc.a
END GROUP

.hash
 *(.hash)

.dynsym
 *(.dynsym)

.dynstr
 *(.dynstr)

.gnu.version
 *(.gnu.version)

.gnu.version_d
 *(.gnu.version_d)

.gnu.version_r
 *(.gnu.version_r)

.rel.init
 *(.rel.init)

.rela.init
 *(.rela.init)

.rel.text
 *(.rel.text)
 *(.rel.text.*)
 *(.rel.gnu.linkonce.t*)

.rela.text
 *(.rela.text)
 *(.rela.text.*)
 *(.rela.gnu.linkonce.t*)

.rel.fini
 *(.rel.fini)

.rela.fini
 *(.rela.fini)

.rel.rodata
 *(.rel.rodata)
 *(.rel.rodata.*)
 *(.rel.gnu.linkonce.r*)

.rela.rodata
 *(.rela.rodata)
 *(.rela.rodata.*)
 *(.rela.gnu.linkonce.r*)

.rel.data
 *(.rel.data)
 *(.rel.data.*)
 *(.rel.gnu.linkonce.d*)

.rela.data
 *(.rela.data)
 *(.rela.data.*)
 *(.rela.gnu.linkonce.d*)

.rel.ctors
 *(.rel.ctors)

.rela.ctors
 *(.rela.ctors)

.rel.dtors
 *(.rel.dtors)

.rela.dtors
 *(.rela.dtors)

.rel.got
 *(.rel.got)

.rela.got
 *(.rela.got)

.rel.bss
 *(.rel.bss)

.rela.bss
 *(.rela.bss)

.rel.plt
 *(.rel.plt)

.rela.plt
 *(.rela.plt)

.text           0x00000000      0xc42
 *(.vectors)
 .vectors       0x00000000       0x54 c:/program files (x86)/atmel/atmel toolchain/avr8 gcc/native/3.4.1061/avr8-gnu-toolchain/bin/../lib/gcc/avr/4.8.1/../../../../avr/lib/avr5/crtm16.o
                0x00000000                __vector_default
                0x00000000                __vectors
 *(.vectors)
 *(.progmem.gcc*)
 .progmem.gcc_sw_table.uartempfangen
                0x00000054       0xec Data_Latch_V2.1.o
                0x00000140                . = ALIGN (0x2)
                0x00000140                __trampolines_start = .
 *(.trampolines)
 .trampolines   0x00000140        0x0 linker stubs
 *(.trampolines*)
                0x00000140                __trampolines_end = .
 *(.progmem*)
                0x00000140                . = ALIGN (0x2)
 *(.jumptables)
 *(.jumptables*)
 *(.lowtext)
 *(.lowtext*)
                0x00000140                __ctors_start = .
 *(.ctors)
                0x00000140                __ctors_end = .
                0x00000140                __dtors_start = .
 *(.dtors)
                0x00000140                __dtors_end = .
 SORT(*)(.ctors)
 SORT(*)(.dtors)
 *(.init0)
 .init0         0x00000140        0x0 c:/program files (x86)/atmel/atmel toolchain/avr8 gcc/native/3.4.1061/avr8-gnu-toolchain/bin/../lib/gcc/avr/4.8.1/../../../../avr/lib/avr5/crtm16.o
                0x00000140                __init
 *(.init0)
 *(.init1)
 *(.init1)
 *(.init2)
 .init2         0x00000140        0xc c:/program files (x86)/atmel/atmel toolchain/avr8 gcc/native/3.4.1061/avr8-gnu-toolchain/bin/../lib/gcc/avr/4.8.1/../../../../avr/lib/avr5/crtm16.o
 *(.init2)
 *(.init3)
 *(.init3)
 *(.init4)
 .init4         0x0000014c       0x16 c:/program files (x86)/atmel/atmel toolchain/avr8 gcc/native/3.4.1061/avr8-gnu-toolchain/bin/../lib/gcc/avr/4.8.1/avr5\libgcc.a(_copy_data.o)
                0x0000014c                __do_copy_data
 .init4         0x00000162       0x10 c:/program files (x86)/atmel/atmel toolchain/avr8 gcc/native/3.4.1061/avr8-gnu-toolchain/bin/../lib/gcc/avr/4.8.1/avr5\libgcc.a(_clear_bss.o)
                0x00000162                __do_clear_bss
 *(.init4)
 *(.init5)
 *(.init5)
 *(.init6)
 *(.init6)
 *(.init7)
 *(.init7)
 *(.init8)
 *(.init8)
 *(.init9)
 .init9         0x00000172        0x8 c:/program files (x86)/atmel/atmel toolchain/avr8 gcc/native/3.4.1061/avr8-gnu-toolchain/bin/../lib/gcc/avr/4.8.1/../../../../avr/lib/avr5/crtm16.o
 *(.init9)
 *(.text)
 .text          0x0000017a        0x4 c:/program files (x86)/atmel/atmel toolchain/avr8 gcc/native/3.4.1061/avr8-gnu-toolchain/bin/../lib/gcc/avr/4.8.1/../../../../avr/lib/avr5/crtm16.o
                0x0000017a                __vector_12
                0x0000017a                __bad_interrupt
                0x0000017a                __vector_6
                0x0000017a                __vector_3
                0x0000017a                __vector_11
                0x0000017a                __vector_13
                0x0000017a                __vector_17
                0x0000017a                __vector_19
                0x0000017a                __vector_7
                0x0000017a                __vector_5
                0x0000017a                __vector_4
                0x0000017a                __vector_9
                0x0000017a                __vector_15
                0x0000017a                __vector_8
                0x0000017a                __vector_14
                0x0000017a                __vector_10
                0x0000017a                __vector_16
                0x0000017a                __vector_18
                0x0000017a                __vector_20
                0x0000017e                . = ALIGN (0x2)
 *(.text.*)
 .text.__vector_1
                0x0000017e      0x118 Data_Latch_V2.1.o
                0x0000017e                __vector_1
 .text.__vector_2
                0x00000296       0xe0 Data_Latch_V2.1.o
                0x00000296                __vector_2
 .text.auslesen
                0x00000376       0x76 Data_Latch_V2.1.o
                0x00000376                auslesen
 .text.zero     0x000003ec       0x20 Data_Latch_V2.1.o
                0x000003ec                zero
 .text.measure  0x0000040c       0x72 Data_Latch_V2.1.o
                0x0000040c                measure
 .text.check_drehrichtung
                0x0000047e       0x38 Data_Latch_V2.1.o
                0x0000047e                check_drehrichtung
 .text.uartempfangen
                0x000004b6      0x100 Data_Latch_V2.1.o
                0x000004b6                uartempfangen
 .text.main     0x000005b6       0x6e Data_Latch_V2.1.o
                0x000005b6                main
 .text.Drehrichtung
                0x00000624       0x1e Encoder.o
                0x00000624                Drehrichtung
 .text.Encoderdata
                0x00000642       0x2c Encoder.o
                0x00000642                Encoderdata
 .text.result   0x0000066e       0x2a FH5401C.o
                0x0000066e                result
 .text.singleshot
                0x00000698       0x80 FH5401C.o
                0x00000698                singleshot
 .text.singlemeasurement
                0x00000718       0x6c FH5401C.o
                0x00000718                singlemeasurement
 .text.temperatur
                0x00000784       0x8a FH5401C.o
                0x00000784                temperatur
 .text.check_ready
                0x0000080e       0x32 FH5401C.o
                0x0000080e                check_ready
 .text.reset_hallsensor
                0x00000840       0x34 FH5401C.o
                0x00000840                reset_hallsensor
 .text.init_sram
                0x00000874        0x6 init.o
                0x00000874                init_sram
 .text.IDN      0x0000087a       0x10 init.o
                0x0000087a                IDN
 .text.init_5401
                0x0000088a       0x1e init.o
                0x0000088a                init_5401
 .text.init     0x000008a8       0x54 init.o
                0x000008a8                init
 .text.Testmodus
                0x000008fc       0x60 Modus.o
                0x000008fc                Testmodus
 .text.speed_test
                0x0000095c       0x7e Modus.o
                0x0000095c                speed_test
 .text.send_word
                0x000009da        0xe RS232.o
                0x000009da                send_word
 .text.uart_putc
                0x000009e8        0x8 RS232.o
                0x000009e8                uart_putc
 .text.uart_puts
                0x000009f0       0x1e RS232.o
                0x000009f0                uart_puts
 .text.send_sword
                0x00000a0e       0x3e RS232.o
                0x00000a0e                send_sword
 .text.check_uart
                0x00000a4c        0xc RS232.o
                0x00000a4c                check_uart
 .text.write_status
                0x00000a58        0xe shiftregister.o
                0x00000a58                write_status
 .text.send_read_spi
                0x00000a66        0xa SPI.o
                0x00000a66                send_read_spi
 .text.save_data
                0x00000a70       0x62 Sram.o
                0x00000a70                save_data
 .text.read_res_time
                0x00000ad2       0xde Sram.o
                0x00000ad2                read_res_time
 .text.set_mode
                0x00000bb0       0x18 Sram.o
                0x00000bb0                set_mode
 .text.libgcc   0x00000bc8        0xc c:/program files (x86)/atmel/atmel toolchain/avr8 gcc/native/3.4.1061/avr8-gnu-toolchain/bin/../lib/gcc/avr/4.8.1/avr5\libgcc.a(_tablejump.o)
                0x00000bc8                __tablejump2__
                0x00000bcc                __tablejump__
 .text.avr-libc
                0x00000bd4       0x16 c:/program files (x86)/atmel/atmel toolchain/avr8 gcc/native/3.4.1061/avr8-gnu-toolchain/bin/../lib/gcc/avr/4.8.1/../../../../avr/lib/avr5\libc.a(itoa_ncheck.o)
                0x00000bd4                __itoa_ncheck
 .text.avr-libc
                0x00000bea       0x34 c:/program files (x86)/atmel/atmel toolchain/avr8 gcc/native/3.4.1061/avr8-gnu-toolchain/bin/../lib/gcc/avr/4.8.1/../../../../avr/lib/avr5\libc.a(utoa_ncheck.o)
                0x00000bea                __utoa_ncheck
                0x00000bec                __utoa_common
 .text.avr-libc
                0x00000c1e       0x20 c:/program files (x86)/atmel/atmel toolchain/avr8 gcc/native/3.4.1061/avr8-gnu-toolchain/bin/../lib/gcc/avr/4.8.1/../../../../avr/lib/avr5\libc.a(strrev.o)
                0x00000c1e                strrev
                0x00000c3e                . = ALIGN (0x2)
 *(.fini9)
 .fini9         0x00000c3e        0x0 c:/program files (x86)/atmel/atmel toolchain/avr8 gcc/native/3.4.1061/avr8-gnu-toolchain/bin/../lib/gcc/avr/4.8.1/avr5\libgcc.a(_exit.o)
                0x00000c3e                _exit
                0x00000c3e                exit
 *(.fini9)
 *(.fini8)
 *(.fini8)
 *(.fini7)
 *(.fini7)
 *(.fini6)
 *(.fini6)
 *(.fini5)
 *(.fini5)
 *(.fini4)
 *(.fini4)
 *(.fini3)
 *(.fini3)
 *(.fini2)
 *(.fini2)
 *(.fini1)
 *(.fini1)
 *(.fini0)
 .fini0         0x00000c3e        0x4 c:/program files (x86)/atmel/atmel toolchain/avr8 gcc/native/3.4.1061/avr8-gnu-toolchain/bin/../lib/gcc/avr/4.8.1/avr5\libgcc.a(_exit.o)
 *(.fini0)
                0x00000c42                _etext = .

.data           0x00800060       0x28 load address 0x00000c42
                0x00800060                PROVIDE (__data_start, .)
 *(.data)
 *(.data*)
 *(.rodata)
 *(.rodata*)
 .rodata.str1.1
                0x00800060       0x17 Data_Latch_V2.1.o
 .rodata.str1.1
                0x00800077        0x8 FH5401C.o
 .rodata.str1.1
                0x0080007f        0x9 Sram.o
 *(.gnu.linkonce.d*)
                0x00800088                . = ALIGN (0x2)
                0x00800088                _edata = .
                0x00800088                PROVIDE (__data_end, .)

.bss            0x00800088        0xc
                0x00800088                PROVIDE (__bss_start, .)
 *(.bss)
 *(.bss*)
 *(COMMON)
 COMMON         0x00800088        0xc Data_Latch_V2.1.o
                0x00800088                encodersig
                0x00800089                temp_counter
                0x0080008a                resolution
                0x0080008b                bytecount
                0x0080008d                counter
                0x0080008f                speicher
                0x00800091                status
                0x00800092                counteralt
                0x00800094                PROVIDE (__bss_end, .)
                0x00000c42                __data_load_start = LOADADDR (.data)
                0x00000c6a                __data_load_end = (__data_load_start + SIZEOF (.data))

.noinit         0x00800094        0x0
                0x00800094                PROVIDE (__noinit_start, .)
 *(.noinit*)
                0x00800094                PROVIDE (__noinit_end, .)
                0x00800094                _end = .
                0x00800094                PROVIDE (__heap_start, .)

.eeprom         0x00810000        0x0
 *(.eeprom*)
                0x00810000                __eeprom_end = .

.fuse
 *(.fuse)
 *(.lfuse)
 *(.hfuse)
 *(.efuse)

.lock
 *(.lock*)

.signature
 *(.signature*)

.user_signatures
 *(.user_signatures*)

.stab
 *(.stab)

.stabstr
 *(.stabstr)

.stab.excl
 *(.stab.excl)

.stab.exclstr
 *(.stab.exclstr)

.stab.index
 *(.stab.index)

.stab.indexstr
 *(.stab.indexstr)

.comment        0x00000000       0x30
 *(.comment)
 .comment       0x00000000       0x30 Data_Latch_V2.1.o
                                 0x31 (size before relaxing)
 .comment       0x00000000       0x31 Encoder.o
 .comment       0x00000000       0x31 FH5401C.o
 .comment       0x00000000       0x31 init.o
 .comment       0x00000000       0x31 Modus.o
 .comment       0x00000000       0x31 RS232.o
 .comment       0x00000000       0x31 shiftregister.o
 .comment       0x00000000       0x31 SPI.o
 .comment       0x00000000       0x31 Sram.o

.note.gnu.build-id
 *(.note.gnu.build-id)

.debug
 *(.debug)

.line
 *(.line)

.debug_srcinfo
 *(.debug_srcinfo)

.debug_sfnames
 *(.debug_sfnames)

.debug_aranges  0x00000000      0x208
 *(.debug_aranges)
 .debug_aranges
                0x00000000       0x60 Data_Latch_V2.1.o
 .debug_aranges
                0x00000060       0x28 Encoder.o
 .debug_aranges
                0x00000088       0x48 FH5401C.o
 .debug_aranges
                0x000000d0       0x48 init.o
 .debug_aranges
                0x00000118       0x28 Modus.o
 .debug_aranges
                0x00000140       0x40 RS232.o
 .debug_aranges
                0x00000180       0x28 shiftregister.o
 .debug_aranges
                0x000001a8       0x28 SPI.o
 .debug_aranges
                0x000001d0       0x38 Sram.o

.debug_pubnames
 *(.debug_pubnames)

.debug_info     0x00000000     0x1990
 *(.debug_info .gnu.linkonce.wi.*)
 .debug_info    0x00000000      0x62a Data_Latch_V2.1.o
 .debug_info    0x0000062a      0x118 Encoder.o
 .debug_info    0x00000742      0x5c7 FH5401C.o
 .debug_info    0x00000d09      0x1b4 init.o
 .debug_info    0x00000ebd      0x2d4 Modus.o
 .debug_info    0x00001191      0x289 RS232.o
 .debug_info    0x0000141a       0xdd shiftregister.o
 .debug_info    0x000014f7       0xc8 SPI.o
 .debug_info    0x000015bf      0x3d1 Sram.o

.debug_abbrev   0x00000000      0xbc3
 *(.debug_abbrev)
 .debug_abbrev  0x00000000      0x1ea Data_Latch_V2.1.o
 .debug_abbrev  0x000001ea       0xa4 Encoder.o
 .debug_abbrev  0x0000028e      0x202 FH5401C.o
 .debug_abbrev  0x00000490      0x100 init.o
 .debug_abbrev  0x00000590      0x174 Modus.o
 .debug_abbrev  0x00000704      0x1b9 RS232.o
 .debug_abbrev  0x000008bd       0x98 shiftregister.o
 .debug_abbrev  0x00000955       0x8b SPI.o
 .debug_abbrev  0x000009e0      0x1e3 Sram.o

.debug_line     0x00000000      0xc7d
 *(.debug_line .debug_line.* .debug_line_end)
 .debug_line    0x00000000      0x21e Data_Latch_V2.1.o
 .debug_line    0x0000021e       0xcb Encoder.o
 .debug_line    0x000002e9      0x1f3 FH5401C.o
 .debug_line    0x000004dc      0x141 init.o
 .debug_line    0x0000061d      0x1aa Modus.o
 .debug_line    0x000007c7      0x11f RS232.o
 .debug_line    0x000008e6       0xde shiftregister.o
 .debug_line    0x000009c4       0xc6 SPI.o
 .debug_line    0x00000a8a      0x1f3 Sram.o

.debug_frame    0x00000000      0x4e0
 *(.debug_frame)
 .debug_frame   0x00000000      0x164 Data_Latch_V2.1.o
 .debug_frame   0x00000164       0x3c Encoder.o
 .debug_frame   0x000001a0       0xd8 FH5401C.o
 .debug_frame   0x00000278       0x74 init.o
 .debug_frame   0x000002ec       0x6c Modus.o
 .debug_frame   0x00000358       0x80 RS232.o
 .debug_frame   0x000003d8       0x34 shiftregister.o
 .debug_frame   0x0000040c       0x34 SPI.o
 .debug_frame   0x00000440       0xa0 Sram.o

.debug_str      0x00000000      0x48e
 *(.debug_str)
 .debug_str     0x00000000      0x2b8 Data_Latch_V2.1.o
                                0x300 (size before relaxing)
 .debug_str     0x000002b8       0x34 Encoder.o
                                0x19e (size before relaxing)
 .debug_str     0x000002ec       0x9e FH5401C.o
                                0x26b (size before relaxing)
 .debug_str     0x0000038a       0x29 init.o
                                0x1af (size before relaxing)
 .debug_str     0x000003b3       0x22 Modus.o
                                0x223 (size before relaxing)
 .debug_str     0x000003d5       0x4b RS232.o
                                0x1da (size before relaxing)
 .debug_str     0x00000420       0x2f shiftregister.o
                                0x19a (size before relaxing)
 .debug_str     0x0000044f        0xb SPI.o
                                0x17d (size before relaxing)
 .debug_str     0x0000045a       0x34 Sram.o
                                0x233 (size before relaxing)

.debug_loc      0x00000000      0xdb1
 *(.debug_loc)
 .debug_loc     0x00000000      0x3ed Data_Latch_V2.1.o
 .debug_loc     0x000003ed      0x155 Encoder.o
 .debug_loc     0x00000542      0x30a FH5401C.o
 .debug_loc     0x0000084c       0x20 init.o
 .debug_loc     0x0000086c      0x1bb Modus.o
 .debug_loc     0x00000a27      0x114 RS232.o
 .debug_loc     0x00000b3b       0x13 shiftregister.o
 .debug_loc     0x00000b4e       0x1f SPI.o
 .debug_loc     0x00000b6d      0x244 Sram.o

.debug_macinfo
 *(.debug_macinfo)

.debug_weaknames
 *(.debug_weaknames)

.debug_funcnames
 *(.debug_funcnames)

.debug_typenames
 *(.debug_typenames)

.debug_varnames
 *(.debug_varnames)

.debug_pubtypes
 *(.debug_pubtypes)

.debug_ranges   0x00000000      0x178
 *(.debug_ranges)
 .debug_ranges  0x00000000       0x50 Data_Latch_V2.1.o
 .debug_ranges  0x00000050       0x18 Encoder.o
 .debug_ranges  0x00000068       0x38 FH5401C.o
 .debug_ranges  0x000000a0       0x38 init.o
 .debug_ranges  0x000000d8       0x18 Modus.o
 .debug_ranges  0x000000f0       0x30 RS232.o
 .debug_ranges  0x00000120       0x18 shiftregister.o
 .debug_ranges  0x00000138       0x18 SPI.o
 .debug_ranges  0x00000150       0x28 Sram.o

.debug_macro
 *(.debug_macro)
OUTPUT(Data_Latch_V2.1.elf elf32-avr)
LOAD linker stubs
